<?xml version="1.0" encoding="UTF-8"?>
<TestRun id="a622fa47-a861-4256-9915-08d63124df79" name="Abhishek@ABHISHEK-HP 2012-04-19 22:02:25" runUser="Abhishek-HP\Abhishek" xmlns="http://microsoft.com/schemas/VisualStudio/TeamTest/2010">
  <TestSettings name="Local" id="4d41ba16-c3de-44f0-90b5-6b551bf82565">
    <Description>These are default test settings for a local test run.</Description>
    <Deployment enabled="false" runDeploymentRoot="Abhishek_ABHISHEK-HP 2012-04-19 22_02_25">
      <DeploymentItem filename="D:\Traffic\Traffic\Traffic\bin\Release\Traffic.exe" />
    </Deployment>
    <Execution>
      <TestTypeSpecific />
      <AgentRule name="Execution Agents">
      </AgentRule>
    </Execution>
  </TestSettings>
  <Times creation="2012-04-19T22:02:25.7251630+05:30" queuing="2012-04-19T22:02:27.0982416+05:30" start="2012-04-19T22:02:27.2582507+05:30" finish="2012-04-19T22:06:57.1016849+05:30" />
  <ResultSummary outcome="Error">
    <Counters total="7" executed="6" passed="5" error="0" failed="0" timeout="0" aborted="1" inconclusive="0" passedButRunAborted="0" notRunnable="0" notExecuted="1" disconnected="0" warning="0" completed="0" inProgress="0" pending="0" />
    <RunInfos>
      <RunInfo computerName="ABHISHEK-HP" outcome="Error" timestamp="2012-04-19T22:06:57.1006848+05:30">
        <Text>Test host process exited unexpectedly.</Text>
      </RunInfo>
    </RunInfos>
  </ResultSummary>
  <TestDefinitions>
    <UnitTest name="IsStarted" storage="d:\traffic\traffic\traffictestproject\bin\release\traffictestproject.dll" id="a0990e18-256c-4fbf-394d-8e66eee3a884">
      <Execution id="5ac78f66-c560-4920-8232-4deae5b3c331" />
      <TestMethod codeBase="D:/Traffic/Traffic/TrafficTestProject/bin/Release/TrafficTestProject.DLL" adapterTypeName="Microsoft.VisualStudio.TestTools.TestTypes.Unit.UnitTestAdapter, Microsoft.VisualStudio.QualityTools.Tips.UnitTest.Adapter, Version=10.0.0.0, Culture=neutral, PublicKeyToken=b03f5f7f11d50a3a" className="TrafficTestProject.CarTest, TrafficTestProject, Version=1.0.0.0, Culture=neutral, PublicKeyToken=null" name="IsStarted" />
    </UnitTest>
    <UnitTest name="GetMeterReading" storage="d:\traffic\traffic\traffictestproject\bin\release\traffictestproject.dll" id="486fb4ca-8d69-3c32-aafe-e9c6faa00449">
      <Execution id="a3895333-343b-4a28-bde4-08faabd10aa9" />
      <TestMethod codeBase="D:/Traffic/Traffic/TrafficTestProject/bin/Release/TrafficTestProject.DLL" adapterTypeName="Microsoft.VisualStudio.TestTools.TestTypes.Unit.UnitTestAdapter, Microsoft.VisualStudio.QualityTools.Tips.UnitTest.Adapter, Version=10.0.0.0, Culture=neutral, PublicKeyToken=b03f5f7f11d50a3a" className="TrafficTestProject.CarTest, TrafficTestProject, Version=1.0.0.0, Culture=neutral, PublicKeyToken=null" name="GetMeterReading" />
    </UnitTest>
    <UnitTest name="Start" storage="d:\traffic\traffic\traffictestproject\bin\release\traffictestproject.dll" id="da1da9b8-5db8-311a-ff8a-f2a0995aadb0">
      <Execution id="9f961964-08e7-4268-8d9a-a3c0d4ebbcf9" />
      <TestMethod codeBase="D:/Traffic/Traffic/TrafficTestProject/bin/Release/TrafficTestProject.DLL" adapterTypeName="Microsoft.VisualStudio.TestTools.TestTypes.Unit.UnitTestAdapter, Microsoft.VisualStudio.QualityTools.Tips.UnitTest.Adapter, Version=10.0.0.0, Culture=neutral, PublicKeyToken=b03f5f7f11d50a3a" className="TrafficTestProject.CarTest, TrafficTestProject, Version=1.0.0.0, Culture=neutral, PublicKeyToken=null" name="Start" />
    </UnitTest>
    <UnitTest name="Drive" storage="d:\traffic\traffic\traffictestproject\bin\release\traffictestproject.dll" id="a6a18801-3e3a-6903-2d98-c513d402ee52">
      <Execution id="4d8661e3-3ddf-4142-af0a-69a3651fb16e" />
      <TestMethod codeBase="D:/Traffic/Traffic/TrafficTestProject/bin/Release/TrafficTestProject.DLL" adapterTypeName="Microsoft.VisualStudio.TestTools.TestTypes.Unit.UnitTestAdapter, Microsoft.VisualStudio.QualityTools.Tips.UnitTest.Adapter, Version=10.0.0.0, Culture=neutral, PublicKeyToken=b03f5f7f11d50a3a" className="TrafficTestProject.DriverTest, TrafficTestProject, Version=1.0.0.0, Culture=neutral, PublicKeyToken=null" name="Drive" />
    </UnitTest>
    <UnitTest name="Stop" storage="d:\traffic\traffic\traffictestproject\bin\release\traffictestproject.dll" id="83b53d92-1a6b-cacd-28a0-e4cfa17dc956">
      <Execution id="d5538335-044a-447b-b789-5e7a88a789e0" />
      <TestMethod codeBase="D:/Traffic/Traffic/TrafficTestProject/bin/Release/TrafficTestProject.DLL" adapterTypeName="Microsoft.VisualStudio.TestTools.TestTypes.Unit.UnitTestAdapter, Microsoft.VisualStudio.QualityTools.Tips.UnitTest.Adapter, Version=10.0.0.0, Culture=neutral, PublicKeyToken=b03f5f7f11d50a3a" className="TrafficTestProject.CarTest, TrafficTestProject, Version=1.0.0.0, Culture=neutral, PublicKeyToken=null" name="Stop" />
    </UnitTest>
    <UnitTest name="GetWaitingTime" storage="d:\traffic\traffic\traffictestproject\bin\release\traffictestproject.dll" id="85e00a19-b26d-f184-fcc6-c5cd3e3c847a">
      <Execution id="d6f21074-38ca-4fd6-a0f4-e1a9fa9cd343" />
      <TestMethod codeBase="D:/Traffic/Traffic/TrafficTestProject/bin/Release/TrafficTestProject.DLL" adapterTypeName="Microsoft.VisualStudio.TestTools.TestTypes.Unit.UnitTestAdapter, Microsoft.VisualStudio.QualityTools.Tips.UnitTest.Adapter, Version=10.0.0.0, Culture=neutral, PublicKeyToken=b03f5f7f11d50a3a" className="TrafficTestProject.TrafficLightTest, TrafficTestProject, Version=1.0.0.0, Culture=neutral, PublicKeyToken=null" name="GetWaitingTime" />
    </UnitTest>
    <UnitTest name="Run" storage="d:\traffic\traffic\traffictestproject\bin\release\traffictestproject.dll" id="eb22f7f9-ec97-21e4-f2c0-f826c0017a54">
      <Execution id="d7b6f430-9575-49b4-8f0d-eb214ceec38a" />
      <TestMethod codeBase="D:/Traffic/Traffic/TrafficTestProject/bin/Release/TrafficTestProject.DLL" adapterTypeName="Microsoft.VisualStudio.TestTools.TestTypes.Unit.UnitTestAdapter, Microsoft.VisualStudio.QualityTools.Tips.UnitTest.Adapter, Version=10.0.0.0, Culture=neutral, PublicKeyToken=b03f5f7f11d50a3a" className="TrafficTestProject.CarTest, TrafficTestProject, Version=1.0.0.0, Culture=neutral, PublicKeyToken=null" name="Run" />
    </UnitTest>
  </TestDefinitions>
  <TestLists>
    <TestList name="Results Not in a List" id="8c84fa94-04c1-424b-9868-57a2d4851a1d" />
    <TestList name="All Loaded Results" id="19431567-8539-422a-85d7-44ee4e166bda" />
  </TestLists>
  <TestEntries>
    <TestEntry testId="85e00a19-b26d-f184-fcc6-c5cd3e3c847a" executionId="d6f21074-38ca-4fd6-a0f4-e1a9fa9cd343" testListId="8c84fa94-04c1-424b-9868-57a2d4851a1d" />
    <TestEntry testId="eb22f7f9-ec97-21e4-f2c0-f826c0017a54" executionId="d7b6f430-9575-49b4-8f0d-eb214ceec38a" testListId="8c84fa94-04c1-424b-9868-57a2d4851a1d" />
    <TestEntry testId="da1da9b8-5db8-311a-ff8a-f2a0995aadb0" executionId="9f961964-08e7-4268-8d9a-a3c0d4ebbcf9" testListId="8c84fa94-04c1-424b-9868-57a2d4851a1d" />
    <TestEntry testId="83b53d92-1a6b-cacd-28a0-e4cfa17dc956" executionId="d5538335-044a-447b-b789-5e7a88a789e0" testListId="8c84fa94-04c1-424b-9868-57a2d4851a1d" />
    <TestEntry testId="486fb4ca-8d69-3c32-aafe-e9c6faa00449" executionId="a3895333-343b-4a28-bde4-08faabd10aa9" testListId="8c84fa94-04c1-424b-9868-57a2d4851a1d" />
    <TestEntry testId="a6a18801-3e3a-6903-2d98-c513d402ee52" executionId="4d8661e3-3ddf-4142-af0a-69a3651fb16e" testListId="8c84fa94-04c1-424b-9868-57a2d4851a1d" />
    <TestEntry testId="a0990e18-256c-4fbf-394d-8e66eee3a884" executionId="5ac78f66-c560-4920-8232-4deae5b3c331" testListId="8c84fa94-04c1-424b-9868-57a2d4851a1d" />
  </TestEntries>
  <Results>
    <UnitTestResult executionId="d6f21074-38ca-4fd6-a0f4-e1a9fa9cd343" testId="85e00a19-b26d-f184-fcc6-c5cd3e3c847a" testName="GetWaitingTime" computerName="ABHISHEK-HP" duration="00:00:00.0285989" startTime="2012-04-19T22:02:27.3992588+05:30" endTime="2012-04-19T22:02:29.2143626+05:30" testType="13cdc9d9-ddb5-4fa4-a97d-d965ccfc6d4b" outcome="Passed" testListId="8c84fa94-04c1-424b-9868-57a2d4851a1d" relativeResultsDirectory="d6f21074-38ca-4fd6-a0f4-e1a9fa9cd343">
    </UnitTestResult>
    <UnitTestResult executionId="d7b6f430-9575-49b4-8f0d-eb214ceec38a" testId="eb22f7f9-ec97-21e4-f2c0-f826c0017a54" testName="Run" computerName="ABHISHEK-HP" duration="00:00:00.0008029" startTime="2012-04-19T22:02:29.2313636+05:30" endTime="2012-04-19T22:02:29.2393640+05:30" testType="13cdc9d9-ddb5-4fa4-a97d-d965ccfc6d4b" outcome="Passed" testListId="8c84fa94-04c1-424b-9868-57a2d4851a1d" relativeResultsDirectory="d7b6f430-9575-49b4-8f0d-eb214ceec38a">
    </UnitTestResult>
    <UnitTestResult executionId="9f961964-08e7-4268-8d9a-a3c0d4ebbcf9" testId="da1da9b8-5db8-311a-ff8a-f2a0995aadb0" testName="Start" computerName="ABHISHEK-HP" duration="00:00:00.0003430" startTime="2012-04-19T22:02:29.2473645+05:30" endTime="2012-04-19T22:02:29.2533648+05:30" testType="13cdc9d9-ddb5-4fa4-a97d-d965ccfc6d4b" outcome="Passed" testListId="8c84fa94-04c1-424b-9868-57a2d4851a1d" relativeResultsDirectory="9f961964-08e7-4268-8d9a-a3c0d4ebbcf9">
    </UnitTestResult>
    <UnitTestResult executionId="d5538335-044a-447b-b789-5e7a88a789e0" testId="83b53d92-1a6b-cacd-28a0-e4cfa17dc956" testName="Stop" computerName="ABHISHEK-HP" duration="00:00:00.0003372" startTime="2012-04-19T22:02:29.2593652+05:30" endTime="2012-04-19T22:02:29.2653655+05:30" testType="13cdc9d9-ddb5-4fa4-a97d-d965ccfc6d4b" outcome="Passed" testListId="8c84fa94-04c1-424b-9868-57a2d4851a1d" relativeResultsDirectory="d5538335-044a-447b-b789-5e7a88a789e0">
    </UnitTestResult>
    <UnitTestResult executionId="a3895333-343b-4a28-bde4-08faabd10aa9" testId="486fb4ca-8d69-3c32-aafe-e9c6faa00449" testName="GetMeterReading" computerName="ABHISHEK-HP" duration="00:00:00.0003518" startTime="2012-04-19T22:02:29.2703658+05:30" endTime="2012-04-19T22:02:29.2763662+05:30" testType="13cdc9d9-ddb5-4fa4-a97d-d965ccfc6d4b" outcome="Passed" testListId="8c84fa94-04c1-424b-9868-57a2d4851a1d" relativeResultsDirectory="a3895333-343b-4a28-bde4-08faabd10aa9">
    </UnitTestResult>
    <UnitTestResult executionId="4d8661e3-3ddf-4142-af0a-69a3651fb16e" testId="a6a18801-3e3a-6903-2d98-c513d402ee52" testName="Drive" computerName="ABHISHEK-HP" duration="00:04:27.8173183" startTime="2012-04-19T22:02:29.2843666+05:30" endTime="2012-04-19T22:06:57.1016849+05:30" testType="13cdc9d9-ddb5-4fa4-a97d-d965ccfc6d4b" outcome="Aborted" testListId="8c84fa94-04c1-424b-9868-57a2d4851a1d" relativeResultsDirectory="4d8661e3-3ddf-4142-af0a-69a3651fb16e">
    </UnitTestResult>
    <UnitTestResult executionId="5ac78f66-c560-4920-8232-4deae5b3c331" testId="a0990e18-256c-4fbf-394d-8e66eee3a884" testName="IsStarted" computerName="ABHISHEK-HP" testType="13cdc9d9-ddb5-4fa4-a97d-d965ccfc6d4b" outcome="NotExecuted" testListId="8c84fa94-04c1-424b-9868-57a2d4851a1d" relativeResultsDirectory="5ac78f66-c560-4920-8232-4deae5b3c331">
    </UnitTestResult>
  </Results>
</TestRun>