<?xml version="1.0" encoding="UTF-8"?>
<TestRun id="bf386232-d6c1-4a09-844f-6d66b29180c2" name="Abhishek@ABHISHEK-HP 2012-04-19 21:24:22" runUser="Abhishek-HP\Abhishek" xmlns="http://microsoft.com/schemas/VisualStudio/TeamTest/2010">
  <TestSettings name="Local" id="4d41ba16-c3de-44f0-90b5-6b551bf82565">
    <Description>These are default test settings for a local test run.</Description>
    <Deployment enabled="false" runDeploymentRoot="Abhishek_ABHISHEK-HP 2012-04-19 21_24_22">
      <DeploymentItem filename="D:\Traffic\Traffic\Traffic\bin\Release\Traffic.exe" />
    </Deployment>
    <Execution>
      <TestTypeSpecific />
      <AgentRule name="Execution Agents">
      </AgentRule>
    </Execution>
  </TestSettings>
  <Times creation="2012-04-19T21:24:22.2665567+05:30" queuing="2012-04-19T21:24:23.4556247+05:30" start="2012-04-19T21:24:23.5986329+05:30" finish="2012-04-19T21:24:37.6624373+05:30" />
  <ResultSummary outcome="Error">
    <Counters total="7" executed="5" passed="4" error="0" failed="0" timeout="0" aborted="1" inconclusive="0" passedButRunAborted="0" notRunnable="0" notExecuted="2" disconnected="0" warning="0" completed="0" inProgress="0" pending="0" />
    <RunInfos>
      <RunInfo computerName="ABHISHEK-HP" outcome="Error" timestamp="2012-04-19T21:24:37.6604372+05:30">
        <Text>Test host process exited unexpectedly.</Text>
      </RunInfo>
    </RunInfos>
  </ResultSummary>
  <TestDefinitions>
    <UnitTest name="GetMeterReading" storage="d:\traffic\traffic\traffictestproject\bin\release\traffictestproject.dll" id="486fb4ca-8d69-3c32-aafe-e9c6faa00449">
      <Execution id="1a7fb05a-026d-4ff4-9e9e-b4bc228c3da9" />
      <TestMethod codeBase="D:/Traffic/Traffic/TrafficTestProject/bin/Release/TrafficTestProject.DLL" adapterTypeName="Microsoft.VisualStudio.TestTools.TestTypes.Unit.UnitTestAdapter, Microsoft.VisualStudio.QualityTools.Tips.UnitTest.Adapter, Version=10.0.0.0, Culture=neutral, PublicKeyToken=b03f5f7f11d50a3a" className="TrafficTestProject.CarTest, TrafficTestProject, Version=1.0.0.0, Culture=neutral, PublicKeyToken=null" name="GetMeterReading" />
    </UnitTest>
    <UnitTest name="ISstarted" storage="d:\traffic\traffic\traffictestproject\bin\release\traffictestproject.dll" id="06c22efe-6cf0-18bf-3c00-e39f1865e151">
      <Execution id="f3932896-61d8-4dca-8ecf-389b7a6adfc4" />
      <TestMethod codeBase="D:/Traffic/Traffic/TrafficTestProject/bin/Release/TrafficTestProject.DLL" adapterTypeName="Microsoft.VisualStudio.TestTools.TestTypes.Unit.UnitTestAdapter, Microsoft.VisualStudio.QualityTools.Tips.UnitTest.Adapter, Version=10.0.0.0, Culture=neutral, PublicKeyToken=b03f5f7f11d50a3a" className="TrafficTestProject.CarTest, TrafficTestProject, Version=1.0.0.0, Culture=neutral, PublicKeyToken=null" name="ISstarted" />
    </UnitTest>
    <UnitTest name="Start" storage="d:\traffic\traffic\traffictestproject\bin\release\traffictestproject.dll" id="da1da9b8-5db8-311a-ff8a-f2a0995aadb0">
      <Execution id="fb8aaf0d-61c3-44ca-b4ae-3f4fddaa6c3d" />
      <TestMethod codeBase="D:/Traffic/Traffic/TrafficTestProject/bin/Release/TrafficTestProject.DLL" adapterTypeName="Microsoft.VisualStudio.TestTools.TestTypes.Unit.UnitTestAdapter, Microsoft.VisualStudio.QualityTools.Tips.UnitTest.Adapter, Version=10.0.0.0, Culture=neutral, PublicKeyToken=b03f5f7f11d50a3a" className="TrafficTestProject.CarTest, TrafficTestProject, Version=1.0.0.0, Culture=neutral, PublicKeyToken=null" name="Start" />
    </UnitTest>
    <UnitTest name="Drive" storage="d:\traffic\traffic\traffictestproject\bin\release\traffictestproject.dll" id="a6a18801-3e3a-6903-2d98-c513d402ee52">
      <Execution id="b6fc3ae7-bdbc-4b3e-9112-1f671e5a453a" />
      <TestMethod codeBase="D:/Traffic/Traffic/TrafficTestProject/bin/Release/TrafficTestProject.DLL" adapterTypeName="Microsoft.VisualStudio.TestTools.TestTypes.Unit.UnitTestAdapter, Microsoft.VisualStudio.QualityTools.Tips.UnitTest.Adapter, Version=10.0.0.0, Culture=neutral, PublicKeyToken=b03f5f7f11d50a3a" className="TrafficTestProject.DriverTest, TrafficTestProject, Version=1.0.0.0, Culture=neutral, PublicKeyToken=null" name="Drive" />
    </UnitTest>
    <UnitTest name="Stop" storage="d:\traffic\traffic\traffictestproject\bin\release\traffictestproject.dll" id="83b53d92-1a6b-cacd-28a0-e4cfa17dc956">
      <Execution id="4ad1d871-4639-40b5-9026-8a61244ccbb1" />
      <TestMethod codeBase="D:/Traffic/Traffic/TrafficTestProject/bin/Release/TrafficTestProject.DLL" adapterTypeName="Microsoft.VisualStudio.TestTools.TestTypes.Unit.UnitTestAdapter, Microsoft.VisualStudio.QualityTools.Tips.UnitTest.Adapter, Version=10.0.0.0, Culture=neutral, PublicKeyToken=b03f5f7f11d50a3a" className="TrafficTestProject.CarTest, TrafficTestProject, Version=1.0.0.0, Culture=neutral, PublicKeyToken=null" name="Stop" />
    </UnitTest>
    <UnitTest name="GetWaitingTime" storage="d:\traffic\traffic\traffictestproject\bin\release\traffictestproject.dll" id="85e00a19-b26d-f184-fcc6-c5cd3e3c847a">
      <Execution id="ca2b59dc-0c6f-4097-9fdf-803db8b55927" />
      <TestMethod codeBase="D:/Traffic/Traffic/TrafficTestProject/bin/Release/TrafficTestProject.DLL" adapterTypeName="Microsoft.VisualStudio.TestTools.TestTypes.Unit.UnitTestAdapter, Microsoft.VisualStudio.QualityTools.Tips.UnitTest.Adapter, Version=10.0.0.0, Culture=neutral, PublicKeyToken=b03f5f7f11d50a3a" className="TrafficTestProject.TrafficLightTest, TrafficTestProject, Version=1.0.0.0, Culture=neutral, PublicKeyToken=null" name="GetWaitingTime" />
    </UnitTest>
    <UnitTest name="Run" storage="d:\traffic\traffic\traffictestproject\bin\release\traffictestproject.dll" id="eb22f7f9-ec97-21e4-f2c0-f826c0017a54">
      <Execution id="8c353e7d-e9ec-4168-aef7-156955193b0d" />
      <TestMethod codeBase="D:/Traffic/Traffic/TrafficTestProject/bin/Release/TrafficTestProject.DLL" adapterTypeName="Microsoft.VisualStudio.TestTools.TestTypes.Unit.UnitTestAdapter, Microsoft.VisualStudio.QualityTools.Tips.UnitTest.Adapter, Version=10.0.0.0, Culture=neutral, PublicKeyToken=b03f5f7f11d50a3a" className="TrafficTestProject.CarTest, TrafficTestProject, Version=1.0.0.0, Culture=neutral, PublicKeyToken=null" name="Run" />
    </UnitTest>
  </TestDefinitions>
  <TestLists>
    <TestList name="Results Not in a List" id="8c84fa94-04c1-424b-9868-57a2d4851a1d" />
    <TestList name="All Loaded Results" id="19431567-8539-422a-85d7-44ee4e166bda" />
  </TestLists>
  <TestEntries>
    <TestEntry testId="85e00a19-b26d-f184-fcc6-c5cd3e3c847a" executionId="ca2b59dc-0c6f-4097-9fdf-803db8b55927" testListId="8c84fa94-04c1-424b-9868-57a2d4851a1d" />
    <TestEntry testId="eb22f7f9-ec97-21e4-f2c0-f826c0017a54" executionId="8c353e7d-e9ec-4168-aef7-156955193b0d" testListId="8c84fa94-04c1-424b-9868-57a2d4851a1d" />
    <TestEntry testId="da1da9b8-5db8-311a-ff8a-f2a0995aadb0" executionId="fb8aaf0d-61c3-44ca-b4ae-3f4fddaa6c3d" testListId="8c84fa94-04c1-424b-9868-57a2d4851a1d" />
    <TestEntry testId="83b53d92-1a6b-cacd-28a0-e4cfa17dc956" executionId="4ad1d871-4639-40b5-9026-8a61244ccbb1" testListId="8c84fa94-04c1-424b-9868-57a2d4851a1d" />
    <TestEntry testId="486fb4ca-8d69-3c32-aafe-e9c6faa00449" executionId="1a7fb05a-026d-4ff4-9e9e-b4bc228c3da9" testListId="8c84fa94-04c1-424b-9868-57a2d4851a1d" />
    <TestEntry testId="06c22efe-6cf0-18bf-3c00-e39f1865e151" executionId="f3932896-61d8-4dca-8ecf-389b7a6adfc4" testListId="8c84fa94-04c1-424b-9868-57a2d4851a1d" />
    <TestEntry testId="a6a18801-3e3a-6903-2d98-c513d402ee52" executionId="b6fc3ae7-bdbc-4b3e-9112-1f671e5a453a" testListId="8c84fa94-04c1-424b-9868-57a2d4851a1d" />
  </TestEntries>
  <Results>
    <UnitTestResult executionId="ca2b59dc-0c6f-4097-9fdf-803db8b55927" testId="85e00a19-b26d-f184-fcc6-c5cd3e3c847a" testName="GetWaitingTime" computerName="ABHISHEK-HP" duration="00:00:04.3114078" startTime="2012-04-19T21:24:23.7366408+05:30" endTime="2012-04-19T21:24:29.7199830+05:30" testType="13cdc9d9-ddb5-4fa4-a97d-d965ccfc6d4b" outcome="Passed" testListId="8c84fa94-04c1-424b-9868-57a2d4851a1d" relativeResultsDirectory="ca2b59dc-0c6f-4097-9fdf-803db8b55927">
    </UnitTestResult>
    <UnitTestResult executionId="8c353e7d-e9ec-4168-aef7-156955193b0d" testId="eb22f7f9-ec97-21e4-f2c0-f826c0017a54" testName="Run" computerName="ABHISHEK-HP" duration="00:00:00.0013146" startTime="2012-04-19T21:24:29.7419842+05:30" endTime="2012-04-19T21:24:29.7549850+05:30" testType="13cdc9d9-ddb5-4fa4-a97d-d965ccfc6d4b" outcome="Passed" testListId="8c84fa94-04c1-424b-9868-57a2d4851a1d" relativeResultsDirectory="8c353e7d-e9ec-4168-aef7-156955193b0d">
    </UnitTestResult>
    <UnitTestResult executionId="fb8aaf0d-61c3-44ca-b4ae-3f4fddaa6c3d" testId="da1da9b8-5db8-311a-ff8a-f2a0995aadb0" testName="Start" computerName="ABHISHEK-HP" duration="00:00:00.0003733" startTime="2012-04-19T21:24:29.7689858+05:30" endTime="2012-04-19T21:24:29.7749861+05:30" testType="13cdc9d9-ddb5-4fa4-a97d-d965ccfc6d4b" outcome="Passed" testListId="8c84fa94-04c1-424b-9868-57a2d4851a1d" relativeResultsDirectory="fb8aaf0d-61c3-44ca-b4ae-3f4fddaa6c3d">
    </UnitTestResult>
    <UnitTestResult executionId="4ad1d871-4639-40b5-9026-8a61244ccbb1" testId="83b53d92-1a6b-cacd-28a0-e4cfa17dc956" testName="Stop" computerName="ABHISHEK-HP" duration="00:00:00.0003963" startTime="2012-04-19T21:24:29.7889869+05:30" endTime="2012-04-19T21:24:29.7949873+05:30" testType="13cdc9d9-ddb5-4fa4-a97d-d965ccfc6d4b" outcome="Passed" testListId="8c84fa94-04c1-424b-9868-57a2d4851a1d" relativeResultsDirectory="4ad1d871-4639-40b5-9026-8a61244ccbb1">
    </UnitTestResult>
    <UnitTestResult executionId="1a7fb05a-026d-4ff4-9e9e-b4bc228c3da9" testId="486fb4ca-8d69-3c32-aafe-e9c6faa00449" testName="GetMeterReading" computerName="ABHISHEK-HP" duration="00:00:07.8564494" startTime="2012-04-19T21:24:29.8059879+05:30" endTime="2012-04-19T21:24:37.6624373+05:30" testType="13cdc9d9-ddb5-4fa4-a97d-d965ccfc6d4b" outcome="Aborted" testListId="8c84fa94-04c1-424b-9868-57a2d4851a1d" relativeResultsDirectory="1a7fb05a-026d-4ff4-9e9e-b4bc228c3da9">
    </UnitTestResult>
    <UnitTestResult executionId="f3932896-61d8-4dca-8ecf-389b7a6adfc4" testId="06c22efe-6cf0-18bf-3c00-e39f1865e151" testName="ISstarted" computerName="ABHISHEK-HP" testType="13cdc9d9-ddb5-4fa4-a97d-d965ccfc6d4b" outcome="NotExecuted" testListId="8c84fa94-04c1-424b-9868-57a2d4851a1d" relativeResultsDirectory="f3932896-61d8-4dca-8ecf-389b7a6adfc4">
    </UnitTestResult>
    <UnitTestResult executionId="b6fc3ae7-bdbc-4b3e-9112-1f671e5a453a" testId="a6a18801-3e3a-6903-2d98-c513d402ee52" testName="Drive" computerName="ABHISHEK-HP" testType="13cdc9d9-ddb5-4fa4-a97d-d965ccfc6d4b" outcome="NotExecuted" testListId="8c84fa94-04c1-424b-9868-57a2d4851a1d" relativeResultsDirectory="b6fc3ae7-bdbc-4b3e-9112-1f671e5a453a">
    </UnitTestResult>
  </Results>
</TestRun>